Using pre-set license
Built from '2022.3/china_unity/release' branch; Version is '2022.3.20f1c1 (82a5dab7aa2a) revision 8562138'; Using compiler version '192829333'; Build Type 'Release'
OS: 'Windows 11  (10.0.26200) 64bit CoreCountrySpecific' Language: 'zh' Physical Memory: 16004 MB
BatchMode: 1, IsHumanControllingUs: 0, StartBugReporterOnCrash: 0, Is64bit: 1, IsPro: 1

COMMAND LINE ARGUMENTS:
D:\Program Files\Unity\Editor\2022.3.20f1c1\Editor\Unity.exe
-adb2
-batchMode
-noUpm
-name
AssetImportWorker2
-projectPath
D:/Program Files/Unity/Editor/姣曚笟璁捐
-logFile
Logs/AssetImportWorker2.log
-srvPort
53934
Successfully changed project path to: D:/Program Files/Unity/Editor/姣曚笟璁捐
D:/Program Files/Unity/Editor/姣曚笟璁捐
[UnityMemory] Configuration Parameters - Can be set up in boot.config
    "memorysetup-bucket-allocator-granularity=16"
    "memorysetup-bucket-allocator-bucket-count=8"
    "memorysetup-bucket-allocator-block-size=33554432"
    "memorysetup-bucket-allocator-block-count=8"
    "memorysetup-main-allocator-block-size=16777216"
    "memorysetup-thread-allocator-block-size=16777216"
    "memorysetup-gfx-main-allocator-block-size=16777216"
    "memorysetup-gfx-thread-allocator-block-size=16777216"
    "memorysetup-cache-allocator-block-size=4194304"
    "memorysetup-typetree-allocator-block-size=2097152"
    "memorysetup-profiler-bucket-allocator-granularity=16"
    "memorysetup-profiler-bucket-allocator-bucket-count=8"
    "memorysetup-profiler-bucket-allocator-block-size=33554432"
    "memorysetup-profiler-bucket-allocator-block-count=8"
    "memorysetup-profiler-allocator-block-size=16777216"
    "memorysetup-profiler-editor-allocator-block-size=1048576"
    "memorysetup-temp-allocator-size-main=16777216"
    "memorysetup-job-temp-allocator-block-size=2097152"
    "memorysetup-job-temp-allocator-block-size-background=1048576"
    "memorysetup-job-temp-allocator-reduction-small-platforms=262144"
    "memorysetup-allocator-temp-initial-block-size-main=262144"
    "memorysetup-allocator-temp-initial-block-size-worker=262144"
    "memorysetup-temp-allocator-size-background-worker=32768"
    "memorysetup-temp-allocator-size-job-worker=262144"
    "memorysetup-temp-allocator-size-preload-manager=33554432"
    "memorysetup-temp-allocator-size-nav-mesh-worker=65536"
    "memorysetup-temp-allocator-size-audio-worker=65536"
    "memorysetup-temp-allocator-size-cloud-worker=32768"
    "memorysetup-temp-allocator-size-gi-baking-worker=262144"
    "memorysetup-temp-allocator-size-gfx=262144"
Player connection [30216] Host "[IP] 10.55.165.151 [Port] 0 [Flags] 2 [Guid] 2303624833 [EditorId] 2303624833 [Version] 1048832 [Id] WindowsEditor(7,LAPTOP-7TIDKNDB) [Debug] 1 [PackageName] WindowsEditor [ProjectName] Editor" joined multi-casting on [225.0.0.222:54997]...

Player connection [30216] Host "[IP] 10.55.165.151 [Port] 0 [Flags] 2 [Guid] 2303624833 [EditorId] 2303624833 [Version] 1048832 [Id] WindowsEditor(7,LAPTOP-7TIDKNDB) [Debug] 1 [PackageName] WindowsEditor [ProjectName] Editor" joined alternative multi-casting on [225.0.0.222:34997]...

[Physics::Module] Initialized MultithreadedJobDispatcher with 19 workers.
Refreshing native plugins compatible for Editor in 36.45 ms, found 4 plugins.
Preloading 0 native plugins for Editor in 0.00 ms.
Initialize engine version: 2022.3.20f1c1 (82a5dab7aa2a)
[Subsystems] Discovering subsystems at path D:/Program Files/Unity/Editor/2022.3.20f1c1/Editor/Data/Resources/UnitySubsystems
[Subsystems] Discovering subsystems at path D:/Program Files/Unity/Editor/姣曚笟璁捐/Assets
GfxDevice: creating device client; threaded=0; jobified=0
Direct3D:
    Version:  Direct3D 11.0 [level 11.1]
    Renderer: NVIDIA GeForce RTX 3060 Laptop GPU (ID=0x2520)
    Vendor:   NVIDIA
    VRAM:     5994 MB
    Driver:   32.0.15.9579
Initialize mono
Mono path[0] = 'D:/Program Files/Unity/Editor/2022.3.20f1c1/Editor/Data/Managed'
Mono path[1] = 'D:/Program Files/Unity/Editor/2022.3.20f1c1/Editor/Data/MonoBleedingEdge/lib/mono/unityjit-win32'
Mono config path = 'D:/Program Files/Unity/Editor/2022.3.20f1c1/Editor/Data/MonoBleedingEdge/etc'
Using monoOptions --debugger-agent=transport=dt_socket,embedding=1,server=y,suspend=n,address=127.0.0.1:56952
Begin MonoManager ReloadAssembly
Registering precompiled unity dll's ...
Register platform support module: D:/Program Files/Unity/Editor/2022.3.20f1c1/Editor/Data/PlaybackEngines/AndroidPlayer/UnityEditor.Android.Extensions.dll
Register platform support module: D:/Program Files/Unity/Editor/2022.3.20f1c1/Editor/Data/PlaybackEngines/WindowsStandaloneSupport/UnityEditor.WindowsStandalone.Extensions.dll
Registered in 0.008800 seconds.
- Loaded All Assemblies, in  0.317 seconds
Native extension for WindowsStandalone target not found
Native extension for Android target not found
Android Extension - Scanning For ADB Devices 1187 ms
Mono: successfully reloaded assembly
- Finished resetting the current domain, in  1.459 seconds
Domain Reload Profiling: 1773ms
	BeginReloadAssembly (105ms)
		ExecutionOrderSort (0ms)
		DisableScriptedObjects (0ms)
		BackupInstance (0ms)
		ReleaseScriptingObjects (0ms)
		CreateAndSetChildDomain (1ms)
	RebuildCommonClasses (27ms)
	RebuildNativeTypeToScriptingClass (8ms)
	initialDomainReloadingComplete (52ms)
	LoadAllAssembliesAndSetupDomain (121ms)
		LoadAssemblies (103ms)
		RebuildTransferFunctionScriptingTraits (0ms)
		AnalyzeDomain (118ms)
			TypeCache.Refresh (117ms)
				TypeCache.ScanAssembly (107ms)
			ScanForSourceGeneratedMonoScriptInfo (0ms)
			ResolveRequiredComponents (0ms)
	FinalizeReload (1459ms)
		ReleaseScriptCaches (0ms)
		RebuildScriptCaches (0ms)
		SetupLoadedEditorAssemblies (1413ms)
			LogAssemblyErrors (0ms)
			InitializePlatformSupportModulesInManaged (1285ms)
			SetLoadedEditorAssemblies (3ms)
			RefreshPlugins (0ms)
			BeforeProcessingInitializeOnLoad (1ms)
			ProcessInitializeOnLoadAttributes (86ms)
			ProcessInitializeOnLoadMethodAttributes (38ms)
			AfterProcessingInitializeOnLoad (0ms)
			EditorAssembliesLoaded (0ms)
		ExecutionOrderSort2 (0ms)
		AwakeInstancesAfterBackupRestoration (0ms)
========================================================================
Worker process is ready to serve import requests
Begin MonoManager ReloadAssembly
Symbol file LoadedFromMemory is not a mono symbol file
- Loaded All Assemblies, in  0.730 seconds
Refreshing native plugins compatible for Editor in 7.84 ms, found 4 plugins.
Native extension for WindowsStandalone target not found
Native extension for Android target not found
Mono: successfully reloaded assembly
- Finished resetting the current domain, in  1.288 seconds
Domain Reload Profiling: 2012ms
	BeginReloadAssembly (126ms)
		ExecutionOrderSort (0ms)
		DisableScriptedObjects (3ms)
		BackupInstance (0ms)
		ReleaseScriptingObjects (0ms)
		CreateAndSetChildDomain (18ms)
	RebuildCommonClasses (26ms)
	RebuildNativeTypeToScriptingClass (8ms)
	initialDomainReloadingComplete (40ms)
	LoadAllAssembliesAndSetupDomain (523ms)
		LoadAssemblies (385ms)
		RebuildTransferFunctionScriptingTraits (0ms)
		AnalyzeDomain (215ms)
			TypeCache.Refresh (181ms)
				TypeCache.ScanAssembly (164ms)
			ScanForSourceGeneratedMonoScriptInfo (24ms)
			ResolveRequiredComponents (8ms)
	FinalizeReload (1288ms)
		ReleaseScriptCaches (0ms)
		RebuildScriptCaches (0ms)
		SetupLoadedEditorAssemblies (1124ms)
			LogAssemblyErrors (0ms)
			InitializePlatformSupportModulesInManaged (23ms)
			SetLoadedEditorAssemblies (4ms)
			RefreshPlugins (0ms)
			BeforeProcessingInitializeOnLoad (74ms)
			ProcessInitializeOnLoadAttributes (973ms)
			ProcessInitializeOnLoadMethodAttributes (41ms)
			AfterProcessingInitializeOnLoad (10ms)
			EditorAssembliesLoaded (0ms)
		ExecutionOrderSort2 (0ms)
		AwakeInstancesAfterBackupRestoration (7ms)
Launched and connected shader compiler UnityShaderCompiler.exe after 0.07 seconds
Refreshing native plugins compatible for Editor in 8.87 ms, found 4 plugins.
Preloading 0 native plugins for Editor in 0.00 ms.
Unloading 7028 Unused Serialized files (Serialized files now loaded: 0)
Unloading 88 unused Assets / (1.2 MB). Loaded Objects now: 7486.
Memory consumption went from 271.7 MB to 270.6 MB.
Total: 4.330100 ms (FindLiveObjects: 0.362800 ms CreateObjectMapping: 0.207500 ms MarkObjects: 3.456100 ms  DeleteObjects: 0.302800 ms)

AssetImportParameters requested are different than current active one (requested -> active):
  custom:container-demuxer-ogg: 62fdf1f143b41e24485cea50d1cbac27 -> 
  custom:framework-win-MediaFoundation: 216162199b28c13a410421893ffa2e32 -> 
  custom:container-muxer-webm: aa71ff27fc2769a1b78a27578f13a17b -> 
  custom:video-decoder-webm-vp8: 9c59270c3fd7afecdb556c50c9e8de78 -> 
  custom:SearchIndexIgnoredProperties: e643bd26f0fe6173181afceb89e7c659 -> 
  custom:AudioImporter_EditorPlatform: d09bf68614088b80899f8185d706f6e7 -> 
  custom:audio-decoder-ogg-vorbis: bf7c407c2cedff20999df2af8eb42d56 -> 
  custom:audio-encoder-webm-vorbis: bf7c407c2cedff20999df2af8eb42d56 -> 
  custom:video-codec-MediaFoundation-h265: 746d11721c4dcdbdad8f713fa42b33f4 -> 
  custom:video-decoder-ogg-theora: a1e56fd34408186e4bbccfd4996cb3dc -> 
  custom:CustomObjectIndexerAttribute: 62b5816608c3102f162a1797e29626cf -> 
  custom:container-demuxer-webm: 4f35f7cbe854078d1ac9338744f61a02 -> 
  custom:video-encoder-webm-vp8: eb34c28f22e8b96e1ab97ce403110664 -> 
========================================================================
Received Import Request.
  Time since last request: 166247.723534 seconds.
  path: Assets/Art/Prefabs/Environment/Level_1/Wall_Interior.prefab
  artifactKey: Guid(15e12504052b8fc4a8ab42025256acba) Importer(815301076,1909f56bfc062723c751e8b465ee728b)
Start importing Assets/Art/Prefabs/Environment/Level_1/Wall_Interior.prefab using Guid(15e12504052b8fc4a8ab42025256acba) Importer(815301076,1909f56bfc062723c751e8b465ee728b)  -> (artifact id: 'bb593ba5b01a7c07f7bc4b46fe022be1') in 0.486499 seconds
Number of updated asset objects reloaded before import = 0
Number of asset objects unloaded after import = 14
========================================================================
Received Import Request.
  Time since last request: 45.512740 seconds.
  path: Assets/Art/Prefabs/Environment/Level_1/Wall_Interior.prefab
  artifactKey: Guid(15e12504052b8fc4a8ab42025256acba) Importer(815301076,1909f56bfc062723c751e8b465ee728b)
Start importing Assets/Art/Prefabs/Environment/Level_1/Wall_Interior.prefab using Guid(15e12504052b8fc4a8ab42025256acba) Importer(815301076,1909f56bfc062723c751e8b465ee728b)  -> (artifact id: 'a3357860cfdb74d39c1d129c503c8e1c') in 0.020275 seconds
Number of updated asset objects reloaded before import = 0
Number of asset objects unloaded after import = 14
========================================================================
Received Import Request.
  Time since last request: 16.240571 seconds.
  path: Assets/Art/Models/Environment/Level_1/Wall/Stripes_Level1.mat
  artifactKey: Guid(6bd2143a1d7bb0d47ae748491d4a4617) Importer(815301076,1909f56bfc062723c751e8b465ee728b)
Start importing Assets/Art/Models/Environment/Level_1/Wall/Stripes_Level1.mat using Guid(6bd2143a1d7bb0d47ae748491d4a4617) Importer(815301076,1909f56bfc062723c751e8b465ee728b)  -> (artifact id: 'e2686fbf3b5426b906b7c365ab82fa59') in 0.059692 seconds
Number of updated asset objects reloaded before import = 0
Number of asset objects unloaded after import = 3
========================================================================
Received Import Request.
  Time since last request: 4.632211 seconds.
  path: Assets/Art/Prefabs/Environment/Level_1/Wall_Interior.prefab
  artifactKey: Guid(15e12504052b8fc4a8ab42025256acba) Importer(815301076,1909f56bfc062723c751e8b465ee728b)
Start importing Assets/Art/Prefabs/Environment/Level_1/Wall_Interior.prefab using Guid(15e12504052b8fc4a8ab42025256acba) Importer(815301076,1909f56bfc062723c751e8b465ee728b)  -> (artifact id: '6b216c1be9cbc38b27b7caf15b3e8e69') in 0.018432 seconds
Number of updated asset objects reloaded before import = 0
Number of asset objects unloaded after import = 14
========================================================================
Received Import Request.
  Time since last request: 1532.066457 seconds.
  path: Assets/Scenes/Level3/Lightmap-0_comp_dir.png
  artifactKey: Guid(93e728f5fe784914c9050bb6d94a4562) Importer(815301076,1909f56bfc062723c751e8b465ee728b)
Start importing Assets/Scenes/Level3/Lightmap-0_comp_dir.png using Guid(93e728f5fe784914c9050bb6d94a4562) Importer(815301076,1909f56bfc062723c751e8b465ee728b)  -> (artifact id: '7e3b5bfc16571ff4a83be2c3cc838e71') in 0.126029 seconds
Number of updated asset objects reloaded before import = 0
Number of asset objects unloaded after import = 2
========================================================================
Received Import Request.
  Time since last request: 0.000265 seconds.
  path: Assets/Scenes/Level3/ReflectionProbe-0.exr
  artifactKey: Guid(919007d398e5fb344a795fadc9a69260) Importer(815301076,1909f56bfc062723c751e8b465ee728b)
Start importing Assets/Scenes/Level3/ReflectionProbe-0.exr using Guid(919007d398e5fb344a795fadc9a69260) Importer(815301076,1909f56bfc062723c751e8b465ee728b)  -> (artifact id: 'c9b7c005d65d751cba90a44c5f62e57a') in 0.046154 seconds
Number of updated asset objects reloaded before import = 0
Number of asset objects unloaded after import = 2
========================================================================
Received Import Request.
  Time since last request: 2.353639 seconds.
  path: Assets/Scenes/Level3.unity
  artifactKey: Guid(ebe9bebb59a2ad040a6c08cdde33db09) Importer(815301076,1909f56bfc062723c751e8b465ee728b)
Start importing Assets/Scenes/Level3.unity using Guid(ebe9bebb59a2ad040a6c08cdde33db09) Importer(815301076,1909f56bfc062723c751e8b465ee728b)  -> (artifact id: 'c4825dd97da87b4a83136d23e0eeec63') in 0.001482 seconds
Number of updated asset objects reloaded before import = 0
Number of asset objects unloaded after import = 0
========================================================================
Received Import Request.
  Time since last request: 37.771819 seconds.
  path: Assets/Scenes/BornScene.unity
  artifactKey: Guid(99c9720ab356a0642a771bea13969a05) Importer(815301076,1909f56bfc062723c751e8b465ee728b)
Start importing Assets/Scenes/BornScene.unity using Guid(99c9720ab356a0642a771bea13969a05) Importer(815301076,1909f56bfc062723c751e8b465ee728b)  -> (artifact id: '6cc4c4ddc5f9301af8dfdcb4c509197b') in 0.002489 seconds
Number of updated asset objects reloaded before import = 0
Number of asset objects unloaded after import = 0
========================================================================
Received Import Request.
  Time since last request: 119.825070 seconds.
  path: Assets/Art/Prefabs/Environment/BornLevel
  artifactKey: Guid(3ef548eb34af6e34f9c8c4256cfcdb9f) Importer(815301076,1909f56bfc062723c751e8b465ee728b)
Start importing Assets/Art/Prefabs/Environment/BornLevel using Guid(3ef548eb34af6e34f9c8c4256cfcdb9f) Importer(815301076,1909f56bfc062723c751e8b465ee728b)  -> (artifact id: 'a6a39d477221b8756143c74c917fb759') in 0.002550 seconds
Number of updated asset objects reloaded before import = 0
Number of asset objects unloaded after import = 0
========================================================================
Received Import Request.
  Time since last request: 7.777743 seconds.
  path: Assets/Goodies!/Cozy Room Pack/Materials/Walls/Stripes Beige.mat
  artifactKey: Guid(96302942d2d99ee4c9b2b2506b6d99ac) Importer(815301076,1909f56bfc062723c751e8b465ee728b)
Start importing Assets/Goodies!/Cozy Room Pack/Materials/Walls/Stripes Beige.mat using Guid(96302942d2d99ee4c9b2b2506b6d99ac) Importer(815301076,1909f56bfc062723c751e8b465ee728b)  -> (artifact id: '05558adec6cf05a43e8f603fa955567b') in 0.026643 seconds
Number of updated asset objects reloaded before import = 0
Number of asset objects unloaded after import = 3
========================================================================
Received Import Request.
  Time since last request: 15.561593 seconds.
  path: Assets/Art/Models/Environment/Level_1/Wall/Stripes_Level1.mat
  artifactKey: Guid(6bd2143a1d7bb0d47ae748491d4a4617) Importer(815301076,1909f56bfc062723c751e8b465ee728b)
Start importing Assets/Art/Models/Environment/Level_1/Wall/Stripes_Level1.mat using Guid(6bd2143a1d7bb0d47ae748491d4a4617) Importer(815301076,1909f56bfc062723c751e8b465ee728b)  -> (artifact id: '875e16ad0513cb1336f3c469abed0e00') in 0.014871 seconds
Number of updated asset objects reloaded before import = 0
Number of asset objects unloaded after import = 3
========================================================================
Received Import Request.
  Time since last request: 32.922042 seconds.
  path: Assets/Art/Prefabs/Environment/BornLevel/Wall_Interior.prefab
  artifactKey: Guid(0e14b01f1b1e55341a31f26e85e1d23c) Importer(815301076,1909f56bfc062723c751e8b465ee728b)
Start importing Assets/Art/Prefabs/Environment/BornLevel/Wall_Interior.prefab using Guid(0e14b01f1b1e55341a31f26e85e1d23c) Importer(815301076,1909f56bfc062723c751e8b465ee728b)  -> (artifact id: '350d5fca47eb693538de294334b78354') in 0.034660 seconds
Number of updated asset objects reloaded before import = 0
Number of asset objects unloaded after import = 14
========================================================================
Received Import Request.
  Time since last request: 270.666188 seconds.
  path: Assets/Art/Prefabs/Environment/BornLevel/Wall_Interior 1.prefab
  artifactKey: Guid(ee0254abc02563449ae8bcd9e8b1bdea) Importer(815301076,1909f56bfc062723c751e8b465ee728b)
Start importing Assets/Art/Prefabs/Environment/BornLevel/Wall_Interior 1.prefab using Guid(ee0254abc02563449ae8bcd9e8b1bdea) Importer(815301076,1909f56bfc062723c751e8b465ee728b)  -> (artifact id: '03206eeb37967db45e44b7f7a957a6eb') in 0.025944 seconds
Number of updated asset objects reloaded before import = 0
Number of asset objects unloaded after import = 14
========================================================================
Received Import Request.
  Time since last request: 7.707675 seconds.
  path: Assets/Art/Prefabs/Environment/BornLevel/Door_Centered_Wide.prefab
  artifactKey: Guid(1f313e547132b3049aeb10e7856173f7) Importer(815301076,1909f56bfc062723c751e8b465ee728b)
Start importing Assets/Art/Prefabs/Environment/BornLevel/Door_Centered_Wide.prefab using Guid(1f313e547132b3049aeb10e7856173f7) Importer(815301076,1909f56bfc062723c751e8b465ee728b)  -> (artifact id: '63897bc48683f6149f81cd9257ee4501') in 0.044718 seconds
Number of updated asset objects reloaded before import = 0
Number of asset objects unloaded after import = 51
========================================================================
Received Import Request.
  Time since last request: 5304.721232 seconds.
  path: Assets/Goodies!/Cozy Room Pack/Prefabs/Floor_Tiled.prefab
  artifactKey: Guid(cfa95d1ff4739ae499a3d23e6829b0e6) Importer(815301076,1909f56bfc062723c751e8b465ee728b)
Start importing Assets/Goodies!/Cozy Room Pack/Prefabs/Floor_Tiled.prefab using Guid(cfa95d1ff4739ae499a3d23e6829b0e6) Importer(815301076,1909f56bfc062723c751e8b465ee728b)  -> (artifact id: '1b2746411c0f4cf94b022f74355540e7') in 0.173253 seconds
Number of updated asset objects reloaded before import = 0
Number of asset objects unloaded after import = 11
========================================================================
Received Import Request.
  Time since last request: 0.482637 seconds.
  path: Assets/Goodies!/Cozy Room Pack/Prefabs/Floor_Tiled_Half.prefab
  artifactKey: Guid(029755caebdac204ca07c3883ca6511f) Importer(815301076,1909f56bfc062723c751e8b465ee728b)
Start importing Assets/Goodies!/Cozy Room Pack/Prefabs/Floor_Tiled_Half.prefab using Guid(029755caebdac204ca07c3883ca6511f) Importer(815301076,1909f56bfc062723c751e8b465ee728b)  -> (artifact id: 'cf2bdd9e564772c1ccbd7072156ece90') in 0.037615 seconds
Number of updated asset objects reloaded before import = 0
Number of asset objects unloaded after import = 11
========================================================================
Received Import Request.
  Time since last request: 5.782005 seconds.
  path: Assets/Goodies!/Cozy Room Pack/Prefabs/Light Blinking.prefab
  artifactKey: Guid(6733942b4432eb242b6d900f8f49b10a) Importer(815301076,1909f56bfc062723c751e8b465ee728b)
Start importing Assets/Goodies!/Cozy Room Pack/Prefabs/Light Blinking.prefab using Guid(6733942b4432eb242b6d900f8f49b10a) Importer(815301076,1909f56bfc062723c751e8b465ee728b)  -> (artifact id: '417054cd6d6024a15c4f7b8597a1f54d') in 1.309454 seconds
Number of updated asset objects reloaded before import = 0
Number of asset objects unloaded after import = 16
========================================================================
Received Import Request.
  Time since last request: 2015.899398 seconds.
  path: Assets/Goodies!/Cozy Room Pack/Prefabs/Window_Cutout.prefab
  artifactKey: Guid(285888196e740244890f641a052df4f5) Importer(815301076,1909f56bfc062723c751e8b465ee728b)
Start importing Assets/Goodies!/Cozy Room Pack/Prefabs/Window_Cutout.prefab using Guid(285888196e740244890f641a052df4f5) Importer(815301076,1909f56bfc062723c751e8b465ee728b)  -> (artifact id: '8769174a5b616120b1d9ec9bc967365a') in 0.115940 seconds
Number of updated asset objects reloaded before import = 0
Number of asset objects unloaded after import = 46
========================================================================
Received Import Request.
  Time since last request: 88.125196 seconds.
  path: Assets/Art/Prefabs/Environment/Level_1/Wall_Interior.prefab
  artifactKey: Guid(15e12504052b8fc4a8ab42025256acba) Importer(815301076,1909f56bfc062723c751e8b465ee728b)
Start importing Assets/Art/Prefabs/Environment/Level_1/Wall_Interior.prefab using Guid(15e12504052b8fc4a8ab42025256acba) Importer(815301076,1909f56bfc062723c751e8b465ee728b)  -> (artifact id: '5f8579bdfda8fb3dd66f888b02f9d1af') in 0.028230 seconds
Number of updated asset objects reloaded before import = 0
Number of asset objects unloaded after import = 14
========================================================================
Received Import Request.
  Time since last request: 2.023990 seconds.
  path: Assets/Art/Prefabs/Environment/BornLevel/FishBowl.prefab
  artifactKey: Guid(e630faebaf384d44493a29b0fac18d6b) Importer(815301076,1909f56bfc062723c751e8b465ee728b)
Start importing Assets/Art/Prefabs/Environment/BornLevel/FishBowl.prefab using Guid(e630faebaf384d44493a29b0fac18d6b) Importer(815301076,1909f56bfc062723c751e8b465ee728b)  -> (artifact id: '9e99f9ea2e35957a7d651a9b14824380') in 1.069242 seconds
Number of updated asset objects reloaded before import = 0
Number of asset objects unloaded after import = 12
Editor requested this worker to shutdown with reason: Scaling down because of idle timeout
TcpMessagingSession - receive error: operation aborted. errorcode: 995, details: 由于线程退出或应用程序请求，已中止 I/O 操作。
AssetImportWorker is now disconnected from the server
Process exiting
Exiting without the bug reporter. Application will terminate with return code 0