Using pre-set license
Built from '2022.3/china_unity/release' branch; Version is '2022.3.20f1c1 (82a5dab7aa2a) revision 8562138'; Using compiler version '192829333'; Build Type 'Release'
OS: 'Windows 11  (10.0.26200) 64bit CoreCountrySpecific' Language: 'zh' Physical Memory: 16004 MB
BatchMode: 1, IsHumanControllingUs: 0, StartBugReporterOnCrash: 0, Is64bit: 1, IsPro: 1

COMMAND LINE ARGUMENTS:
D:\Program Files\Unity\Editor\2022.3.20f1c1\Editor\Unity.exe
-adb2
-batchMode
-noUpm
-name
AssetImportWorker6
-projectPath
D:/Program Files/Unity/Editor/姣曚笟璁捐
-logFile
Logs/AssetImportWorker6.log
-srvPort
53934
Successfully changed project path to: D:/Program Files/Unity/Editor/姣曚笟璁捐
D:/Program Files/Unity/Editor/姣曚笟璁捐
[UnityMemory] Configuration Parameters - Can be set up in boot.config
    "memorysetup-bucket-allocator-granularity=16"
    "memorysetup-bucket-allocator-bucket-count=8"
    "memorysetup-bucket-allocator-block-size=33554432"
    "memorysetup-bucket-allocator-block-count=8"
    "memorysetup-main-allocator-block-size=16777216"
    "memorysetup-thread-allocator-block-size=16777216"
    "memorysetup-gfx-main-allocator-block-size=16777216"
    "memorysetup-gfx-thread-allocator-block-size=16777216"
    "memorysetup-cache-allocator-block-size=4194304"
    "memorysetup-typetree-allocator-block-size=2097152"
    "memorysetup-profiler-bucket-allocator-granularity=16"
    "memorysetup-profiler-bucket-allocator-bucket-count=8"
    "memorysetup-profiler-bucket-allocator-block-size=33554432"
    "memorysetup-profiler-bucket-allocator-block-count=8"
    "memorysetup-profiler-allocator-block-size=16777216"
    "memorysetup-profiler-editor-allocator-block-size=1048576"
    "memorysetup-temp-allocator-size-main=16777216"
    "memorysetup-job-temp-allocator-block-size=2097152"
    "memorysetup-job-temp-allocator-block-size-background=1048576"
    "memorysetup-job-temp-allocator-reduction-small-platforms=262144"
    "memorysetup-allocator-temp-initial-block-size-main=262144"
    "memorysetup-allocator-temp-initial-block-size-worker=262144"
    "memorysetup-temp-allocator-size-background-worker=32768"
    "memorysetup-temp-allocator-size-job-worker=262144"
    "memorysetup-temp-allocator-size-preload-manager=33554432"
    "memorysetup-temp-allocator-size-nav-mesh-worker=65536"
    "memorysetup-temp-allocator-size-audio-worker=65536"
    "memorysetup-temp-allocator-size-cloud-worker=32768"
    "memorysetup-temp-allocator-size-gi-baking-worker=262144"
    "memorysetup-temp-allocator-size-gfx=262144"
Player connection [26520] Host "[IP] 10.55.165.151 [Port] 0 [Flags] 2 [Guid] 770599525 [EditorId] 770599525 [Version] 1048832 [Id] WindowsEditor(7,LAPTOP-7TIDKNDB) [Debug] 1 [PackageName] WindowsEditor [ProjectName] Editor" joined multi-casting on [225.0.0.222:54997]...

Player connection [26520] Host "[IP] 10.55.165.151 [Port] 0 [Flags] 2 [Guid] 770599525 [EditorId] 770599525 [Version] 1048832 [Id] WindowsEditor(7,LAPTOP-7TIDKNDB) [Debug] 1 [PackageName] WindowsEditor [ProjectName] Editor" joined alternative multi-casting on [225.0.0.222:34997]...

[Physics::Module] Initialized MultithreadedJobDispatcher with 19 workers.
Refreshing native plugins compatible for Editor in 44.74 ms, found 4 plugins.
Preloading 0 native plugins for Editor in 0.00 ms.
Initialize engine version: 2022.3.20f1c1 (82a5dab7aa2a)
[Subsystems] Discovering subsystems at path D:/Program Files/Unity/Editor/2022.3.20f1c1/Editor/Data/Resources/UnitySubsystems
[Subsystems] Discovering subsystems at path D:/Program Files/Unity/Editor/姣曚笟璁捐/Assets
GfxDevice: creating device client; threaded=0; jobified=0
Direct3D:
    Version:  Direct3D 11.0 [level 11.1]
    Renderer: NVIDIA GeForce RTX 3060 Laptop GPU (ID=0x2520)
    Vendor:   NVIDIA
    VRAM:     5994 MB
    Driver:   32.0.15.9579
Initialize mono
Mono path[0] = 'D:/Program Files/Unity/Editor/2022.3.20f1c1/Editor/Data/Managed'
Mono path[1] = 'D:/Program Files/Unity/Editor/2022.3.20f1c1/Editor/Data/MonoBleedingEdge/lib/mono/unityjit-win32'
Mono config path = 'D:/Program Files/Unity/Editor/2022.3.20f1c1/Editor/Data/MonoBleedingEdge/etc'
Using monoOptions --debugger-agent=transport=dt_socket,embedding=1,server=y,suspend=n,address=127.0.0.1:56228
Begin MonoManager ReloadAssembly
Registering precompiled unity dll's ...
Register platform support module: D:/Program Files/Unity/Editor/2022.3.20f1c1/Editor/Data/PlaybackEngines/AndroidPlayer/UnityEditor.Android.Extensions.dll
Register platform support module: D:/Program Files/Unity/Editor/2022.3.20f1c1/Editor/Data/PlaybackEngines/WindowsStandaloneSupport/UnityEditor.WindowsStandalone.Extensions.dll
Registered in 0.017707 seconds.
- Loaded All Assemblies, in  0.433 seconds
Native extension for WindowsStandalone target not found
Native extension for Android target not found
Android Extension - Scanning For ADB Devices 1864 ms
Mono: successfully reloaded assembly
- Finished resetting the current domain, in  2.171 seconds
Domain Reload Profiling: 2599ms
	BeginReloadAssembly (168ms)
		ExecutionOrderSort (0ms)
		DisableScriptedObjects (0ms)
		BackupInstance (0ms)
		ReleaseScriptingObjects (0ms)
		CreateAndSetChildDomain (1ms)
	RebuildCommonClasses (34ms)
	RebuildNativeTypeToScriptingClass (8ms)
	initialDomainReloadingComplete (72ms)
	LoadAllAssembliesAndSetupDomain (145ms)
		LoadAssemblies (163ms)
		RebuildTransferFunctionScriptingTraits (0ms)
		AnalyzeDomain (143ms)
			TypeCache.Refresh (141ms)
				TypeCache.ScanAssembly (126ms)
			ScanForSourceGeneratedMonoScriptInfo (0ms)
			ResolveRequiredComponents (0ms)
	FinalizeReload (2172ms)
		ReleaseScriptCaches (0ms)
		RebuildScriptCaches (0ms)
		SetupLoadedEditorAssemblies (2121ms)
			LogAssemblyErrors (0ms)
			InitializePlatformSupportModulesInManaged (1976ms)
			SetLoadedEditorAssemblies (3ms)
			RefreshPlugins (0ms)
			BeforeProcessingInitializeOnLoad (2ms)
			ProcessInitializeOnLoadAttributes (97ms)
			ProcessInitializeOnLoadMethodAttributes (43ms)
			AfterProcessingInitializeOnLoad (0ms)
			EditorAssembliesLoaded (0ms)
		ExecutionOrderSort2 (0ms)
		AwakeInstancesAfterBackupRestoration (0ms)
========================================================================
Worker process is ready to serve import requests
Begin MonoManager ReloadAssembly
Symbol file LoadedFromMemory is not a mono symbol file
- Loaded All Assemblies, in  0.838 seconds
Refreshing native plugins compatible for Editor in 8.38 ms, found 4 plugins.
Native extension for WindowsStandalone target not found
Native extension for Android target not found
Mono: successfully reloaded assembly
- Finished resetting the current domain, in  1.336 seconds
Domain Reload Profiling: 2163ms
	BeginReloadAssembly (138ms)
		ExecutionOrderSort (0ms)
		DisableScriptedObjects (4ms)
		BackupInstance (0ms)
		ReleaseScriptingObjects (0ms)
		CreateAndSetChildDomain (19ms)
	RebuildCommonClasses (26ms)
	RebuildNativeTypeToScriptingClass (7ms)
	initialDomainReloadingComplete (40ms)
	LoadAllAssembliesAndSetupDomain (617ms)
		LoadAssemblies (488ms)
		RebuildTransferFunctionScriptingTraits (0ms)
		AnalyzeDomain (217ms)
			TypeCache.Refresh (185ms)
				TypeCache.ScanAssembly (167ms)
			ScanForSourceGeneratedMonoScriptInfo (21ms)
			ResolveRequiredComponents (8ms)
	FinalizeReload (1336ms)
		ReleaseScriptCaches (0ms)
		RebuildScriptCaches (0ms)
		SetupLoadedEditorAssemblies (1177ms)
			LogAssemblyErrors (0ms)
			InitializePlatformSupportModulesInManaged (24ms)
			SetLoadedEditorAssemblies (4ms)
			RefreshPlugins (0ms)
			BeforeProcessingInitializeOnLoad (72ms)
			ProcessInitializeOnLoadAttributes (1016ms)
			ProcessInitializeOnLoadMethodAttributes (49ms)
			AfterProcessingInitializeOnLoad (12ms)
			EditorAssembliesLoaded (0ms)
		ExecutionOrderSort2 (0ms)
		AwakeInstancesAfterBackupRestoration (8ms)
Launched and connected shader compiler UnityShaderCompiler.exe after 0.12 seconds
Refreshing native plugins compatible for Editor in 10.08 ms, found 4 plugins.
Preloading 0 native plugins for Editor in 0.00 ms.
Unloading 7028 Unused Serialized files (Serialized files now loaded: 0)
Unloading 88 unused Assets / (1.1 MB). Loaded Objects now: 7486.
Memory consumption went from 271.5 MB to 270.4 MB.
Total: 4.797000 ms (FindLiveObjects: 0.514400 ms CreateObjectMapping: 0.238600 ms MarkObjects: 3.592400 ms  DeleteObjects: 0.450000 ms)

AssetImportParameters requested are different than current active one (requested -> active):
  custom:container-demuxer-ogg: 62fdf1f143b41e24485cea50d1cbac27 -> 
  custom:framework-win-MediaFoundation: 216162199b28c13a410421893ffa2e32 -> 
  custom:container-muxer-webm: aa71ff27fc2769a1b78a27578f13a17b -> 
  custom:video-decoder-webm-vp8: 9c59270c3fd7afecdb556c50c9e8de78 -> 
  custom:SearchIndexIgnoredProperties: e643bd26f0fe6173181afceb89e7c659 -> 
  custom:AudioImporter_EditorPlatform: d09bf68614088b80899f8185d706f6e7 -> 
  custom:audio-decoder-ogg-vorbis: bf7c407c2cedff20999df2af8eb42d56 -> 
  custom:audio-encoder-webm-vorbis: bf7c407c2cedff20999df2af8eb42d56 -> 
  custom:video-codec-MediaFoundation-h265: 746d11721c4dcdbdad8f713fa42b33f4 -> 
  custom:video-decoder-ogg-theora: a1e56fd34408186e4bbccfd4996cb3dc -> 
  custom:CustomObjectIndexerAttribute: 62b5816608c3102f162a1797e29626cf -> 
  custom:container-demuxer-webm: 4f35f7cbe854078d1ac9338744f61a02 -> 
  custom:video-encoder-webm-vp8: eb34c28f22e8b96e1ab97ce403110664 -> 
========================================================================
Received Import Request.
  Time since last request: 228549.833309 seconds.
  path: Assets/Art/Prefabs/Environment/BornLevel/Book2.prefab
  artifactKey: Guid(d8db14712824acd419d30fe6c0d96fa4) Importer(815301076,1909f56bfc062723c751e8b465ee728b)
Start importing Assets/Art/Prefabs/Environment/BornLevel/Book2.prefab using Guid(d8db14712824acd419d30fe6c0d96fa4) Importer(815301076,1909f56bfc062723c751e8b465ee728b)  -> (artifact id: '83c35adabb6e120370fc323250d90473') in 0.257371 seconds
Number of updated asset objects reloaded before import = 0
Number of asset objects unloaded after import = 12
========================================================================
Received Import Request.
  Time since last request: 192.987945 seconds.
  path: Assets/Goodies!/Cozy Room Pack/Materials/Main/Main.mat
  artifactKey: Guid(ad5b00b7de3b09f4aad52d0feec05f7c) Importer(815301076,1909f56bfc062723c751e8b465ee728b)
Start importing Assets/Goodies!/Cozy Room Pack/Materials/Main/Main.mat using Guid(ad5b00b7de3b09f4aad52d0feec05f7c) Importer(815301076,1909f56bfc062723c751e8b465ee728b)  -> (artifact id: '4d600af6dca4fe877dfe15ecee40cb14') in 0.044714 seconds
Number of updated asset objects reloaded before import = 0
Number of asset objects unloaded after import = 4
========================================================================
Received Import Request.
  Time since last request: 47.837602 seconds.
  path: Assets/Goodies!/Cozy Room Pack/Prefabs/Bed.prefab
  artifactKey: Guid(5662cc99257a9804c8db6e116b66e1eb) Importer(815301076,1909f56bfc062723c751e8b465ee728b)
Start importing Assets/Goodies!/Cozy Room Pack/Prefabs/Bed.prefab using Guid(5662cc99257a9804c8db6e116b66e1eb) Importer(815301076,1909f56bfc062723c751e8b465ee728b)  -> (artifact id: '83022c52eabd83c176547de3b653745c') in 0.026577 seconds
Number of updated asset objects reloaded before import = 0
Number of asset objects unloaded after import = 25
========================================================================
Received Import Request.
  Time since last request: 0.031841 seconds.
  path: Assets/Goodies!/Cozy Room Pack/Prefabs/Bed4.prefab
  artifactKey: Guid(24254feee98c6d0479bad473b5cc9ad7) Importer(815301076,1909f56bfc062723c751e8b465ee728b)
Start importing Assets/Goodies!/Cozy Room Pack/Prefabs/Bed4.prefab using Guid(24254feee98c6d0479bad473b5cc9ad7) Importer(815301076,1909f56bfc062723c751e8b465ee728b)  -> (artifact id: 'b82b9481e32de920d8e699c53e87273a') in 0.020193 seconds
Number of updated asset objects reloaded before import = 0
Number of asset objects unloaded after import = 15
========================================================================
Received Import Request.
  Time since last request: 0.029087 seconds.
  path: Assets/Goodies!/Cozy Room Pack/Prefabs/Bed5_Single.prefab
  artifactKey: Guid(f0b0a2501b87b4245bb6f97d2f2c5ce4) Importer(815301076,1909f56bfc062723c751e8b465ee728b)
Start importing Assets/Goodies!/Cozy Room Pack/Prefabs/Bed5_Single.prefab using Guid(f0b0a2501b87b4245bb6f97d2f2c5ce4) Importer(815301076,1909f56bfc062723c751e8b465ee728b)  -> (artifact id: 'aa7161bf21013ad599dd9085750b1f57') in 0.012812 seconds
Number of updated asset objects reloaded before import = 0
Number of asset objects unloaded after import = 13
========================================================================
Received Import Request.
  Time since last request: 0.039702 seconds.
  path: Assets/Goodies!/Cozy Room Pack/Prefabs/Book.prefab
  artifactKey: Guid(3677b55baa74b4a44be12025ed7aa933) Importer(815301076,1909f56bfc062723c751e8b465ee728b)
Start importing Assets/Goodies!/Cozy Room Pack/Prefabs/Book.prefab using Guid(3677b55baa74b4a44be12025ed7aa933) Importer(815301076,1909f56bfc062723c751e8b465ee728b)  -> (artifact id: 'b1838146d13704d4fdb1b13d30158335') in 0.011230 seconds
Number of updated asset objects reloaded before import = 0
Number of asset objects unloaded after import = 12
========================================================================
Received Import Request.
  Time since last request: 0.000021 seconds.
  path: Assets/Goodies!/Cozy Room Pack/Prefabs/Chinese_Takeout.prefab
  artifactKey: Guid(fa4f5242c9b6c7241b9cfe1f271c5b5a) Importer(815301076,1909f56bfc062723c751e8b465ee728b)
Start importing Assets/Goodies!/Cozy Room Pack/Prefabs/Chinese_Takeout.prefab using Guid(fa4f5242c9b6c7241b9cfe1f271c5b5a) Importer(815301076,1909f56bfc062723c751e8b465ee728b)  -> (artifact id: '986eaff20a6ad73c90fc4a92cdd574b8') in 0.020909 seconds
Number of updated asset objects reloaded before import = 0
Number of asset objects unloaded after import = 15
========================================================================
Received Import Request.
  Time since last request: 0.000034 seconds.
  path: Assets/Goodies!/Cozy Room Pack/Prefabs/Book1.prefab
  artifactKey: Guid(e0bcd308d5bcf1743b768bf3fd4a9fe8) Importer(815301076,1909f56bfc062723c751e8b465ee728b)
Start importing Assets/Goodies!/Cozy Room Pack/Prefabs/Book1.prefab using Guid(e0bcd308d5bcf1743b768bf3fd4a9fe8) Importer(815301076,1909f56bfc062723c751e8b465ee728b)  -> (artifact id: 'd787fd31cf2e874acc36575e7532c5c5') in 0.010840 seconds
Number of updated asset objects reloaded before import = 0
Number of asset objects unloaded after import = 12
========================================================================
Received Import Request.
  Time since last request: 0.000019 seconds.
  path: Assets/Goodies!/Cozy Room Pack/Prefabs/Box_Opened.prefab
  artifactKey: Guid(8e83b28585dc1f045b763e9161b1d06a) Importer(815301076,1909f56bfc062723c751e8b465ee728b)
Start importing Assets/Goodies!/Cozy Room Pack/Prefabs/Box_Opened.prefab using Guid(8e83b28585dc1f045b763e9161b1d06a) Importer(815301076,1909f56bfc062723c751e8b465ee728b)  -> (artifact id: 'bdddb4dc60d82ef2ba85933b62bb1e11') in 0.010983 seconds
Number of updated asset objects reloaded before import = 0
Number of asset objects unloaded after import = 12
========================================================================
Received Import Request.
  Time since last request: 0.000032 seconds.
  path: Assets/Goodies!/Cozy Room Pack/Prefabs/Cactus2.prefab
  artifactKey: Guid(6211cc7d220801f41981b269f9b5f341) Importer(815301076,1909f56bfc062723c751e8b465ee728b)
Start importing Assets/Goodies!/Cozy Room Pack/Prefabs/Cactus2.prefab using Guid(6211cc7d220801f41981b269f9b5f341) Importer(815301076,1909f56bfc062723c751e8b465ee728b)  -> (artifact id: '67ebf286b15e4993fd2e23737cd1c717') in 0.012220 seconds
Number of updated asset objects reloaded before import = 0
Number of asset objects unloaded after import = 12
========================================================================
Received Import Request.
  Time since last request: 0.000024 seconds.
  path: Assets/Goodies!/Cozy Room Pack/Prefabs/Book3.prefab
  artifactKey: Guid(c793d73954ccc764884652081c7ad128) Importer(815301076,1909f56bfc062723c751e8b465ee728b)
Start importing Assets/Goodies!/Cozy Room Pack/Prefabs/Book3.prefab using Guid(c793d73954ccc764884652081c7ad128) Importer(815301076,1909f56bfc062723c751e8b465ee728b)  -> (artifact id: '04a19b1b98ad7817ce3752100cd39b21') in 0.012059 seconds
Number of updated asset objects reloaded before import = 0
Number of asset objects unloaded after import = 12
========================================================================
Received Import Request.
  Time since last request: 0.000020 seconds.
  path: Assets/Goodies!/Cozy Room Pack/Prefabs/CoatRack.prefab
  artifactKey: Guid(b57de5d76431a5d439543243889e855d) Importer(815301076,1909f56bfc062723c751e8b465ee728b)
Start importing Assets/Goodies!/Cozy Room Pack/Prefabs/CoatRack.prefab using Guid(b57de5d76431a5d439543243889e855d) Importer(815301076,1909f56bfc062723c751e8b465ee728b)  -> (artifact id: 'f6cfe60fd0c80e9f6d3c18e87c3929c8') in 0.014218 seconds
Number of updated asset objects reloaded before import = 0
Number of asset objects unloaded after import = 15
========================================================================
Received Import Request.
  Time since last request: 0.000023 seconds.
  path: Assets/Goodies!/Cozy Room Pack/Prefabs/Candle.prefab
  artifactKey: Guid(a1f8dc94f1d48ea4e8332721cd086782) Importer(815301076,1909f56bfc062723c751e8b465ee728b)
Start importing Assets/Goodies!/Cozy Room Pack/Prefabs/Candle.prefab using Guid(a1f8dc94f1d48ea4e8332721cd086782) Importer(815301076,1909f56bfc062723c751e8b465ee728b)  -> (artifact id: 'efe5afb10ae401c6886f2752d8ca6270') in 0.011393 seconds
Number of updated asset objects reloaded before import = 0
Number of asset objects unloaded after import = 12
========================================================================
Received Import Request.
  Time since last request: 0.000017 seconds.
  path: Assets/Goodies!/Cozy Room Pack/Prefabs/Chimney1.prefab
  artifactKey: Guid(c871c355414549f4fa809fc10f182ae8) Importer(815301076,1909f56bfc062723c751e8b465ee728b)
Start importing Assets/Goodies!/Cozy Room Pack/Prefabs/Chimney1.prefab using Guid(c871c355414549f4fa809fc10f182ae8) Importer(815301076,1909f56bfc062723c751e8b465ee728b)  -> (artifact id: '501c5deeb746d7c5811b490e531205d7') in 0.016644 seconds
Number of updated asset objects reloaded before import = 0
Number of asset objects unloaded after import = 12
========================================================================
Received Import Request.
  Time since last request: 0.000020 seconds.
  path: Assets/Goodies!/Cozy Room Pack/Prefabs/Ceiling_Fan_Rotating.prefab
  artifactKey: Guid(1b54032327b47af46bcffa03473fe4e4) Importer(815301076,1909f56bfc062723c751e8b465ee728b)
Start importing Assets/Goodies!/Cozy Room Pack/Prefabs/Ceiling_Fan_Rotating.prefab using Guid(1b54032327b47af46bcffa03473fe4e4) Importer(815301076,1909f56bfc062723c751e8b465ee728b)  -> (artifact id: '810e88deb4fd0a81fa7568be2d419b01') in 0.013537 seconds
Number of updated asset objects reloaded before import = 0
Number of asset objects unloaded after import = 21
========================================================================
Received Import Request.
  Time since last request: 1.052677 seconds.
  path: Assets/Goodies!/Cozy Room Pack/Prefabs/Computer_Tower.prefab
  artifactKey: Guid(4616097201a235f4ab17a2dce23da876) Importer(815301076,1909f56bfc062723c751e8b465ee728b)
Start importing Assets/Goodies!/Cozy Room Pack/Prefabs/Computer_Tower.prefab using Guid(4616097201a235f4ab17a2dce23da876) Importer(815301076,1909f56bfc062723c751e8b465ee728b)  -> (artifact id: '8e19546fc18abf62e2139b7fb9e9c6c7') in 0.013481 seconds
Number of updated asset objects reloaded before import = 0
Number of asset objects unloaded after import = 13
========================================================================
Received Import Request.
  Time since last request: 0.771894 seconds.
  path: Assets/Goodies!/Cozy Room Pack/Prefabs/Crumpled Paper.prefab
  artifactKey: Guid(e751f73b481564e4381551f481a3eb73) Importer(815301076,1909f56bfc062723c751e8b465ee728b)
Start importing Assets/Goodies!/Cozy Room Pack/Prefabs/Crumpled Paper.prefab using Guid(e751f73b481564e4381551f481a3eb73) Importer(815301076,1909f56bfc062723c751e8b465ee728b)  -> (artifact id: 'abf7a83bfc1fbc291e7c5e5d3352e8d5') in 0.013924 seconds
Number of updated asset objects reloaded before import = 0
Number of asset objects unloaded after import = 12
========================================================================
Received Import Request.
  Time since last request: 0.000019 seconds.
  path: Assets/Goodies!/Cozy Room Pack/Prefabs/Curtains Moving.prefab
  artifactKey: Guid(8c28cf10fc572b54aaecc847bc814c58) Importer(815301076,1909f56bfc062723c751e8b465ee728b)
Start importing Assets/Goodies!/Cozy Room Pack/Prefabs/Curtains Moving.prefab using Guid(8c28cf10fc572b54aaecc847bc814c58) Importer(815301076,1909f56bfc062723c751e8b465ee728b)  -> (artifact id: '7fea856f4d37f337c2d797c2dde3fff5') in 0.014708 seconds
Number of updated asset objects reloaded before import = 0
Number of asset objects unloaded after import = 16
========================================================================
Received Import Request.
  Time since last request: 0.002501 seconds.
  path: Assets/Goodies!/Cozy Room Pack/Prefabs/Door.prefab
  artifactKey: Guid(91b7cda0234b653408bd8857b32f72cd) Importer(815301076,1909f56bfc062723c751e8b465ee728b)
Start importing Assets/Goodies!/Cozy Room Pack/Prefabs/Door.prefab using Guid(91b7cda0234b653408bd8857b32f72cd) Importer(815301076,1909f56bfc062723c751e8b465ee728b)  -> (artifact id: '20d29973c4cb63047573fbdd3e769ddf') in 0.014823 seconds
Number of updated asset objects reloaded before import = 0
Number of asset objects unloaded after import = 15
========================================================================
Received Import Request.
  Time since last request: 0.000026 seconds.
  path: Assets/Goodies!/Cozy Room Pack/Prefabs/Energy_Drink.prefab
  artifactKey: Guid(365a97a734ceaf64c9c1b12e8b92ab98) Importer(815301076,1909f56bfc062723c751e8b465ee728b)
Start importing Assets/Goodies!/Cozy Room Pack/Prefabs/Energy_Drink.prefab using Guid(365a97a734ceaf64c9c1b12e8b92ab98) Importer(815301076,1909f56bfc062723c751e8b465ee728b)  -> (artifact id: 'e5eec7b7eab9634aeba12b9cc5a87aef') in 0.010932 seconds
Number of updated asset objects reloaded before import = 0
Number of asset objects unloaded after import = 12
========================================================================
Received Import Request.
  Time since last request: 0.369226 seconds.
  path: Assets/Goodies!/Cozy Room Pack/Prefabs/Files.prefab
  artifactKey: Guid(65969e42d48505d41a71738f0c3ca0c9) Importer(815301076,1909f56bfc062723c751e8b465ee728b)
Start importing Assets/Goodies!/Cozy Room Pack/Prefabs/Files.prefab using Guid(65969e42d48505d41a71738f0c3ca0c9) Importer(815301076,1909f56bfc062723c751e8b465ee728b)  -> (artifact id: '212c5c58c31df8c731df621f726c1da5') in 0.012141 seconds
Number of updated asset objects reloaded before import = 0
Number of asset objects unloaded after import = 11
========================================================================
Received Import Request.
  Time since last request: 0.000019 seconds.
  path: Assets/Goodies!/Cozy Room Pack/Prefabs/Fireplace_1.prefab
  artifactKey: Guid(a5a9e86a6ee8e7946bf4984d5ad05dd4) Importer(815301076,1909f56bfc062723c751e8b465ee728b)
Start importing Assets/Goodies!/Cozy Room Pack/Prefabs/Fireplace_1.prefab using Guid(a5a9e86a6ee8e7946bf4984d5ad05dd4) Importer(815301076,1909f56bfc062723c751e8b465ee728b)  -> (artifact id: 'b1818d26de258a18ed59347f550ba609') in 0.013587 seconds
Number of updated asset objects reloaded before import = 0
Number of asset objects unloaded after import = 12
========================================================================
Received Import Request.
  Time since last request: 0.000023 seconds.
  path: Assets/Goodies!/Cozy Room Pack/Prefabs/FirePoker.prefab
  artifactKey: Guid(ca9b1626ec8fcfd45bbe1252cb51f164) Importer(815301076,1909f56bfc062723c751e8b465ee728b)
Start importing Assets/Goodies!/Cozy Room Pack/Prefabs/FirePoker.prefab using Guid(ca9b1626ec8fcfd45bbe1252cb51f164) Importer(815301076,1909f56bfc062723c751e8b465ee728b)  -> (artifact id: '4af8022c660af8a19b7e6b171f322dc0') in 0.014879 seconds
Number of updated asset objects reloaded before import = 0
Number of asset objects unloaded after import = 11
========================================================================
Received Import Request.
  Time since last request: 0.000035 seconds.
  path: Assets/Goodies!/Cozy Room Pack/Prefabs/Foundation2.prefab
  artifactKey: Guid(6a91a1ec51cbbe84eb0f56d4aca7a4f7) Importer(815301076,1909f56bfc062723c751e8b465ee728b)
Start importing Assets/Goodies!/Cozy Room Pack/Prefabs/Foundation2.prefab using Guid(6a91a1ec51cbbe84eb0f56d4aca7a4f7) Importer(815301076,1909f56bfc062723c751e8b465ee728b)  -> (artifact id: 'cdc147b1d29fb6a534c3cd52607f31d3') in 0.010897 seconds
Number of updated asset objects reloaded before import = 0
Number of asset objects unloaded after import = 12
========================================================================
Received Import Request.
  Time since last request: 0.000022 seconds.
  path: Assets/Goodies!/Cozy Room Pack/Prefabs/Foundation3.prefab
  artifactKey: Guid(31e72480247e3f9479016bc6c280212d) Importer(815301076,1909f56bfc062723c751e8b465ee728b)
Start importing Assets/Goodies!/Cozy Room Pack/Prefabs/Foundation3.prefab using Guid(31e72480247e3f9479016bc6c280212d) Importer(815301076,1909f56bfc062723c751e8b465ee728b)  -> (artifact id: 'd51c1a244f49cc63d88fa99fdb1962e5') in 0.011862 seconds
Number of updated asset objects reloaded before import = 0
Number of asset objects unloaded after import = 12
========================================================================
Received Import Request.
  Time since last request: 0.000023 seconds.
  path: Assets/Goodies!/Cozy Room Pack/Prefabs/Frame_Standing_3.prefab
  artifactKey: Guid(5d564352578cf4a41bb8b151c7ada86e) Importer(815301076,1909f56bfc062723c751e8b465ee728b)
Start importing Assets/Goodies!/Cozy Room Pack/Prefabs/Frame_Standing_3.prefab using Guid(5d564352578cf4a41bb8b151c7ada86e) Importer(815301076,1909f56bfc062723c751e8b465ee728b)  -> (artifact id: '56ff9433e11a18b18e5be8794fcbe17a') in 0.018656 seconds
Number of updated asset objects reloaded before import = 0
Number of asset objects unloaded after import = 17
========================================================================
Received Import Request.
  Time since last request: 0.000023 seconds.
  path: Assets/Goodies!/Cozy Room Pack/Prefabs/Foundation1.prefab
  artifactKey: Guid(1efe02691fa3e324c865bd8e01e7ac20) Importer(815301076,1909f56bfc062723c751e8b465ee728b)
Start importing Assets/Goodies!/Cozy Room Pack/Prefabs/Foundation1.prefab using Guid(1efe02691fa3e324c865bd8e01e7ac20) Importer(815301076,1909f56bfc062723c751e8b465ee728b)  -> (artifact id: '2b206af2e8105a4471d2d7396bb63a26') in 0.010845 seconds
Number of updated asset objects reloaded before import = 0
Number of asset objects unloaded after import = 12
========================================================================
Received Import Request.
  Time since last request: 0.538177 seconds.
  path: Assets/Goodies!/Cozy Room Pack/Prefabs/Gamepad.prefab
  artifactKey: Guid(7a314fbb1e74d5a4db7c8a03a46164c1) Importer(815301076,1909f56bfc062723c751e8b465ee728b)
Start importing Assets/Goodies!/Cozy Room Pack/Prefabs/Gamepad.prefab using Guid(7a314fbb1e74d5a4db7c8a03a46164c1) Importer(815301076,1909f56bfc062723c751e8b465ee728b)  -> (artifact id: '923d1b6994c3c70ffb8f12852670eb2f') in 0.015035 seconds
Number of updated asset objects reloaded before import = 0
Number of asset objects unloaded after import = 13
========================================================================
Received Import Request.
  Time since last request: 0.000023 seconds.
  path: Assets/Goodies!/Cozy Room Pack/Prefabs/Kettle.prefab
  artifactKey: Guid(11d41689b7cd7124195b4c3e2d080560) Importer(815301076,1909f56bfc062723c751e8b465ee728b)
Start importing Assets/Goodies!/Cozy Room Pack/Prefabs/Kettle.prefab using Guid(11d41689b7cd7124195b4c3e2d080560) Importer(815301076,1909f56bfc062723c751e8b465ee728b)  -> (artifact id: 'c64be792637a3e1026887b0dc900272c') in 0.012679 seconds
Number of updated asset objects reloaded before import = 0
Number of asset objects unloaded after import = 12
========================================================================
Received Import Request.
  Time since last request: 0.000019 seconds.
  path: Assets/Goodies!/Cozy Room Pack/Prefabs/Heart Light Flickering.prefab
  artifactKey: Guid(734f4d71710b007429cb1cbb7816b7d5) Importer(815301076,1909f56bfc062723c751e8b465ee728b)
Start importing Assets/Goodies!/Cozy Room Pack/Prefabs/Heart Light Flickering.prefab using Guid(734f4d71710b007429cb1cbb7816b7d5) Importer(815301076,1909f56bfc062723c751e8b465ee728b)  -> (artifact id: '93e16a560630eb7943c7ec0e25e0b9c5') in 0.012935 seconds
Number of updated asset objects reloaded before import = 0
Number of asset objects unloaded after import = 25
========================================================================
Received Import Request.
  Time since last request: 0.000020 seconds.
  path: Assets/Goodies!/Cozy Room Pack/Prefabs/Light Blinking.prefab
  artifactKey: Guid(6733942b4432eb242b6d900f8f49b10a) Importer(815301076,1909f56bfc062723c751e8b465ee728b)
Start importing Assets/Goodies!/Cozy Room Pack/Prefabs/Light Blinking.prefab using Guid(6733942b4432eb242b6d900f8f49b10a) Importer(815301076,1909f56bfc062723c751e8b465ee728b)  -> (artifact id: '68a4ee7beb1501f60668634408130abc') in 0.014530 seconds
Number of updated asset objects reloaded before import = 0
Number of asset objects unloaded after import = 16
========================================================================
Received Import Request.
  Time since last request: 0.000020 seconds.
  path: Assets/Goodies!/Cozy Room Pack/Prefabs/Lamp2.prefab
  artifactKey: Guid(7ff20abcc1d88fc45ad75e0db9778847) Importer(815301076,1909f56bfc062723c751e8b465ee728b)
Start importing Assets/Goodies!/Cozy Room Pack/Prefabs/Lamp2.prefab using Guid(7ff20abcc1d88fc45ad75e0db9778847) Importer(815301076,1909f56bfc062723c751e8b465ee728b)  -> (artifact id: 'f7fcf69e802656c0f94d20cf44e5b368') in 0.013808 seconds
Number of updated asset objects reloaded before import = 0
Number of asset objects unloaded after import = 12
========================================================================
Received Import Request.
  Time since last request: 0.000024 seconds.
  path: Assets/Goodies!/Cozy Room Pack/Prefabs/Log.prefab
  artifactKey: Guid(911b8881329a2fc4785098651f00187a) Importer(815301076,1909f56bfc062723c751e8b465ee728b)
Start importing Assets/Goodies!/Cozy Room Pack/Prefabs/Log.prefab using Guid(911b8881329a2fc4785098651f00187a) Importer(815301076,1909f56bfc062723c751e8b465ee728b)  -> (artifact id: 'd314bc285aa2d764f6b5888cf1d4a0b2') in 0.015246 seconds
Number of updated asset objects reloaded before import = 0
Number of asset objects unloaded after import = 15
========================================================================
Received Import Request.
  Time since last request: 0.000029 seconds.
  path: Assets/Goodies!/Cozy Room Pack/Prefabs/Headphones_With_Mic.prefab
  artifactKey: Guid(a41a50a814f820c43b24b8cc5ecd21b8) Importer(815301076,1909f56bfc062723c751e8b465ee728b)
Start importing Assets/Goodies!/Cozy Room Pack/Prefabs/Headphones_With_Mic.prefab using Guid(a41a50a814f820c43b24b8cc5ecd21b8) Importer(815301076,1909f56bfc062723c751e8b465ee728b)  -> (artifact id: '0b56c6859435fafa771ff510242759d6') in 0.012643 seconds
Number of updated asset objects reloaded before import = 0
Number of asset objects unloaded after import = 12
========================================================================
Received Import Request.
  Time since last request: 0.000020 seconds.
  path: Assets/Goodies!/Cozy Room Pack/Prefabs/Laptop_Gaming.prefab
  artifactKey: Guid(f664c74f2dbe380409e36f8b75bb76ec) Importer(815301076,1909f56bfc062723c751e8b465ee728b)
Start importing Assets/Goodies!/Cozy Room Pack/Prefabs/Laptop_Gaming.prefab using Guid(f664c74f2dbe380409e36f8b75bb76ec) Importer(815301076,1909f56bfc062723c751e8b465ee728b)  -> (artifact id: 'f7d7f8e53cc3715cd2c657cfb7cea292') in 0.012310 seconds
Number of updated asset objects reloaded before import = 0
Number of asset objects unloaded after import = 12
========================================================================
Received Import Request.
  Time since last request: 0.000020 seconds.
  path: Assets/Goodies!/Cozy Room Pack/Prefabs/Light_Ceiling.prefab
  artifactKey: Guid(686f9a6796ebd9246971e9a2061c88e6) Importer(815301076,1909f56bfc062723c751e8b465ee728b)
Start importing Assets/Goodies!/Cozy Room Pack/Prefabs/Light_Ceiling.prefab using Guid(686f9a6796ebd9246971e9a2061c88e6) Importer(815301076,1909f56bfc062723c751e8b465ee728b)  -> (artifact id: '6cff203e7ad11f3bfa96e001bdc2f58e') in 0.010398 seconds
Number of updated asset objects reloaded before import = 0
Number of asset objects unloaded after import = 12
========================================================================
Received Import Request.
  Time since last request: 0.000020 seconds.
  path: Assets/Goodies!/Cozy Room Pack/Prefabs/Headphones.prefab
  artifactKey: Guid(7eaec9a3337331346accfb0bc18a7adb) Importer(815301076,1909f56bfc062723c751e8b465ee728b)
Start importing Assets/Goodies!/Cozy Room Pack/Prefabs/Headphones.prefab using Guid(7eaec9a3337331346accfb0bc18a7adb) Importer(815301076,1909f56bfc062723c751e8b465ee728b)  -> (artifact id: '3f8f55234cf64a6e612608b910d6f853') in 0.012007 seconds
Number of updated asset objects reloaded before import = 0
Number of asset objects unloaded after import = 12
========================================================================
Received Import Request.
  Time since last request: 0.000051 seconds.
  path: Assets/Goodies!/Cozy Room Pack/Prefabs/Ivy2.prefab
  artifactKey: Guid(146c30c0544b9a844bbd202b689d254f) Importer(815301076,1909f56bfc062723c751e8b465ee728b)
Start importing Assets/Goodies!/Cozy Room Pack/Prefabs/Ivy2.prefab using Guid(146c30c0544b9a844bbd202b689d254f) Importer(815301076,1909f56bfc062723c751e8b465ee728b)  -> (artifact id: 'ef136cf1af3c1f7d09f3fa9721c97361') in 0.012265 seconds
Number of updated asset objects reloaded before import = 0
Number of asset objects unloaded after import = 12
========================================================================
Received Import Request.
  Time since last request: 0.281372 seconds.
  path: Assets/Goodies!/Cozy Room Pack/Prefabs/Log_Stack.prefab
  artifactKey: Guid(b864378687f6a7f479a06446a01cd05f) Importer(815301076,1909f56bfc062723c751e8b465ee728b)
Start importing Assets/Goodies!/Cozy Room Pack/Prefabs/Log_Stack.prefab using Guid(b864378687f6a7f479a06446a01cd05f) Importer(815301076,1909f56bfc062723c751e8b465ee728b)  -> (artifact id: '54a9b21f599bce39dc812d18cd48e81d') in 0.016045 seconds
Number of updated asset objects reloaded before import = 0
Number of asset objects unloaded after import = 15
========================================================================
Received Import Request.
  Time since last request: 0.000024 seconds.
  path: Assets/Goodies!/Cozy Room Pack/Prefabs/Office_Chair.prefab
  artifactKey: Guid(c798350e4d4fdb74fbba257d8e2c3394) Importer(815301076,1909f56bfc062723c751e8b465ee728b)
Start importing Assets/Goodies!/Cozy Room Pack/Prefabs/Office_Chair.prefab using Guid(c798350e4d4fdb74fbba257d8e2c3394) Importer(815301076,1909f56bfc062723c751e8b465ee728b)  -> (artifact id: 'f9c4215ddd4878c9c9e4c419345482f3') in 0.012936 seconds
Number of updated asset objects reloaded before import = 0
Number of asset objects unloaded after import = 12
========================================================================
Received Import Request.
  Time since last request: 0.000027 seconds.
  path: Assets/Goodies!/Cozy Room Pack/Prefabs/Phone.prefab
  artifactKey: Guid(1e42e5b37ace01547a0355254be5df5d) Importer(815301076,1909f56bfc062723c751e8b465ee728b)
Start importing Assets/Goodies!/Cozy Room Pack/Prefabs/Phone.prefab using Guid(1e42e5b37ace01547a0355254be5df5d) Importer(815301076,1909f56bfc062723c751e8b465ee728b)  -> (artifact id: 'bccee15a501893b64599b67354df4592') in 0.011679 seconds
Number of updated asset objects reloaded before import = 0
Number of asset objects unloaded after import = 12
========================================================================
Received Import Request.
  Time since last request: 0.000021 seconds.
  path: Assets/Goodies!/Cozy Room Pack/Prefabs/Pencil.prefab
  artifactKey: Guid(7a8937e9a2115d14b87a816698857234) Importer(815301076,1909f56bfc062723c751e8b465ee728b)
Start importing Assets/Goodies!/Cozy Room Pack/Prefabs/Pencil.prefab using Guid(7a8937e9a2115d14b87a816698857234) Importer(815301076,1909f56bfc062723c751e8b465ee728b)  -> (artifact id: '49d1e44773a1b8d7163a6308df784b94') in 0.012617 seconds
Number of updated asset objects reloaded before import = 0
Number of asset objects unloaded after import = 12
========================================================================
Received Import Request.
  Time since last request: 0.000038 seconds.
  path: Assets/Goodies!/Cozy Room Pack/Prefabs/Painting6.prefab
  artifactKey: Guid(f7ed4f5fb3cee3d47bd15744dbab0f71) Importer(815301076,1909f56bfc062723c751e8b465ee728b)
Start importing Assets/Goodies!/Cozy Room Pack/Prefabs/Painting6.prefab using Guid(f7ed4f5fb3cee3d47bd15744dbab0f71) Importer(815301076,1909f56bfc062723c751e8b465ee728b)  -> (artifact id: '1caf524281137999d05971e1126288a8') in 0.014325 seconds
Number of updated asset objects reloaded before import = 0
Number of asset objects unloaded after import = 16
========================================================================
Received Import Request.
  Time since last request: 0.000023 seconds.
  path: Assets/Goodies!/Cozy Room Pack/Prefabs/Mug.prefab
  artifactKey: Guid(75e2b8afff0d2fe49aeb8f7e8582bc1b) Importer(815301076,1909f56bfc062723c751e8b465ee728b)
Start importing Assets/Goodies!/Cozy Room Pack/Prefabs/Mug.prefab using Guid(75e2b8afff0d2fe49aeb8f7e8582bc1b) Importer(815301076,1909f56bfc062723c751e8b465ee728b)  -> (artifact id: '8f61364358939ada58866d0c91b55152') in 0.011837 seconds
Number of updated asset objects reloaded before import = 0
Number of asset objects unloaded after import = 12
========================================================================
Received Import Request.
  Time since last request: 0.000037 seconds.
  path: Assets/Goodies!/Cozy Room Pack/Prefabs/Monstera.prefab
  artifactKey: Guid(1e0a5ede0739e02468db789142e7c11a) Importer(815301076,1909f56bfc062723c751e8b465ee728b)
Start importing Assets/Goodies!/Cozy Room Pack/Prefabs/Monstera.prefab using Guid(1e0a5ede0739e02468db789142e7c11a) Importer(815301076,1909f56bfc062723c751e8b465ee728b)  -> (artifact id: 'c09b2101f0fcffcad84b195abf0843b8') in 0.020265 seconds
Number of updated asset objects reloaded before import = 0
Number of asset objects unloaded after import = 29
========================================================================
Received Import Request.
  Time since last request: 0.000026 seconds.
  path: Assets/Goodies!/Cozy Room Pack/Prefabs/Painting4.prefab
  artifactKey: Guid(8dba97a42a979e44d850178b5af49fa7) Importer(815301076,1909f56bfc062723c751e8b465ee728b)
Start importing Assets/Goodies!/Cozy Room Pack/Prefabs/Painting4.prefab using Guid(8dba97a42a979e44d850178b5af49fa7) Importer(815301076,1909f56bfc062723c751e8b465ee728b)  -> (artifact id: '9ff5a5d5d155b54a5d49320ef8ac18bc') in 0.015947 seconds
Number of updated asset objects reloaded before import = 0
Number of asset objects unloaded after import = 16
========================================================================
Received Import Request.
  Time since last request: 0.000029 seconds.
  path: Assets/Goodies!/Cozy Room Pack/Prefabs/Painting5.prefab
  artifactKey: Guid(831a50e862394cc4d9294388fdc7596b) Importer(815301076,1909f56bfc062723c751e8b465ee728b)
Start importing Assets/Goodies!/Cozy Room Pack/Prefabs/Painting5.prefab using Guid(831a50e862394cc4d9294388fdc7596b) Importer(815301076,1909f56bfc062723c751e8b465ee728b)  -> (artifact id: 'd7634562934dfe5311ec21ae7541ff1f') in 0.015173 seconds
Number of updated asset objects reloaded before import = 0
Number of asset objects unloaded after import = 16
========================================================================
Received Import Request.
  Time since last request: 0.000023 seconds.
  path: Assets/Goodies!/Cozy Room Pack/Prefabs/Pen.prefab
  artifactKey: Guid(169bf15c2caffb24d970eca5e2332aa3) Importer(815301076,1909f56bfc062723c751e8b465ee728b)
Start importing Assets/Goodies!/Cozy Room Pack/Prefabs/Pen.prefab using Guid(169bf15c2caffb24d970eca5e2332aa3) Importer(815301076,1909f56bfc062723c751e8b465ee728b)  -> (artifact id: '6797acaa06f29aefff126502a945065b') in 0.010913 seconds
Number of updated asset objects reloaded before import = 0
Number of asset objects unloaded after import = 12
========================================================================
Received Import Request.
  Time since last request: 0.223035 seconds.
  path: Assets/Goodies!/Cozy Room Pack/Prefabs/Remote.prefab
  artifactKey: Guid(13e1a7ef7e44123418eb63b18ec00753) Importer(815301076,1909f56bfc062723c751e8b465ee728b)
Start importing Assets/Goodies!/Cozy Room Pack/Prefabs/Remote.prefab using Guid(13e1a7ef7e44123418eb63b18ec00753) Importer(815301076,1909f56bfc062723c751e8b465ee728b)  -> (artifact id: 'b1f74ddaecfed0be20fbe4dfdccbe506') in 0.010617 seconds
Number of updated asset objects reloaded before import = 0
Number of asset objects unloaded after import = 12
========================================================================
Received Import Request.
  Time since last request: 0.020460 seconds.
  path: Assets/Goodies!/Cozy Room Pack/Prefabs/Roof_Front_Wider_Left_ANchor.prefab
  artifactKey: Guid(10b7aee7c0e469140b478f91e6b402a4) Importer(815301076,1909f56bfc062723c751e8b465ee728b)
Start importing Assets/Goodies!/Cozy Room Pack/Prefabs/Roof_Front_Wider_Left_ANchor.prefab using Guid(10b7aee7c0e469140b478f91e6b402a4) Importer(815301076,1909f56bfc062723c751e8b465ee728b)  -> (artifact id: '97763227cc26d77736c8bc86f28860d3') in 0.011104 seconds
Number of updated asset objects reloaded before import = 0
Number of asset objects unloaded after import = 12
========================================================================
Received Import Request.
  Time since last request: 0.000017 seconds.
  path: Assets/Goodies!/Cozy Room Pack/Prefabs/Roof_Seam_Concave_Corner.prefab
  artifactKey: Guid(9348280602448db47b7c75576ae291f6) Importer(815301076,1909f56bfc062723c751e8b465ee728b)
Start importing Assets/Goodies!/Cozy Room Pack/Prefabs/Roof_Seam_Concave_Corner.prefab using Guid(9348280602448db47b7c75576ae291f6) Importer(815301076,1909f56bfc062723c751e8b465ee728b)  -> (artifact id: '954b8635b335668b1fdc66aa3d40747c') in 0.012950 seconds
Number of updated asset objects reloaded before import = 0
Number of asset objects unloaded after import = 12
========================================================================
Received Import Request.
  Time since last request: 0.000159 seconds.
  path: Assets/Goodies!/Cozy Room Pack/Prefabs/Roof_Middle_Connection_Front.prefab
  artifactKey: Guid(b117babeffc311845a220fc58dc168d4) Importer(815301076,1909f56bfc062723c751e8b465ee728b)
Start importing Assets/Goodies!/Cozy Room Pack/Prefabs/Roof_Middle_Connection_Front.prefab using Guid(b117babeffc311845a220fc58dc168d4) Importer(815301076,1909f56bfc062723c751e8b465ee728b)  -> (artifact id: 'dd808a2541dfe7ed7f9abd5457d4aa96') in 0.012488 seconds
Number of updated asset objects reloaded before import = 0
Number of asset objects unloaded after import = 12
========================================================================
Received Import Request.
  Time since last request: 0.000020 seconds.
  path: Assets/Goodies!/Cozy Room Pack/Prefabs/Roof_Seam_Concave_Flipped.prefab
  artifactKey: Guid(669e3582fe7eb854da5dcf6c595b3621) Importer(815301076,1909f56bfc062723c751e8b465ee728b)
Start importing Assets/Goodies!/Cozy Room Pack/Prefabs/Roof_Seam_Concave_Flipped.prefab using Guid(669e3582fe7eb854da5dcf6c595b3621) Importer(815301076,1909f56bfc062723c751e8b465ee728b)  -> (artifact id: '148704086499ed9376f334d9f8bca6f0') in 0.011742 seconds
Number of updated asset objects reloaded before import = 0
Number of asset objects unloaded after import = 12
========================================================================
Received Import Request.
  Time since last request: 0.000022 seconds.
  path: Assets/Goodies!/Cozy Room Pack/Prefabs/Roof_Middle_Connection_Centre.prefab
  artifactKey: Guid(c4b2625fa8898464ca6d33025f3838a7) Importer(815301076,1909f56bfc062723c751e8b465ee728b)
Start importing Assets/Goodies!/Cozy Room Pack/Prefabs/Roof_Middle_Connection_Centre.prefab using Guid(c4b2625fa8898464ca6d33025f3838a7) Importer(815301076,1909f56bfc062723c751e8b465ee728b)  -> (artifact id: '7350ced2fc7d6a855709a3cbc876048d') in 0.013452 seconds
Number of updated asset objects reloaded before import = 0
Number of asset objects unloaded after import = 12
========================================================================
Received Import Request.
  Time since last request: 0.000024 seconds.
  path: Assets/Goodies!/Cozy Room Pack/Prefabs/Roof_Quarter_Wider_Right_Anchor.prefab
  artifactKey: Guid(2e4bd09b3a8b90b4cb59bc330cc0084b) Importer(815301076,1909f56bfc062723c751e8b465ee728b)
Start importing Assets/Goodies!/Cozy Room Pack/Prefabs/Roof_Quarter_Wider_Right_Anchor.prefab using Guid(2e4bd09b3a8b90b4cb59bc330cc0084b) Importer(815301076,1909f56bfc062723c751e8b465ee728b)  -> (artifact id: 'cd6eb3b4e192c0332977289c67e39135') in 0.013526 seconds
Number of updated asset objects reloaded before import = 0
Number of asset objects unloaded after import = 12
========================================================================
Received Import Request.
  Time since last request: 0.000022 seconds.
  path: Assets/Goodies!/Cozy Room Pack/Prefabs/Roof_Middle_Connection_Back.prefab
  artifactKey: Guid(a4210b261ca57cf4c924a97b34e217d9) Importer(815301076,1909f56bfc062723c751e8b465ee728b)
Start importing Assets/Goodies!/Cozy Room Pack/Prefabs/Roof_Middle_Connection_Back.prefab using Guid(a4210b261ca57cf4c924a97b34e217d9) Importer(815301076,1909f56bfc062723c751e8b465ee728b)  -> (artifact id: '0907987c47d2756229140ce592c428ff') in 0.013022 seconds
Number of updated asset objects reloaded before import = 0
Number of asset objects unloaded after import = 12
========================================================================
Received Import Request.
  Time since last request: 0.000033 seconds.
  path: Assets/Goodies!/Cozy Room Pack/Prefabs/Scratching_Post.prefab
  artifactKey: Guid(2a18a3f833d779e489f47ef88ca794f6) Importer(815301076,1909f56bfc062723c751e8b465ee728b)
Start importing Assets/Goodies!/Cozy Room Pack/Prefabs/Scratching_Post.prefab using Guid(2a18a3f833d779e489f47ef88ca794f6) Importer(815301076,1909f56bfc062723c751e8b465ee728b)  -> (artifact id: '6287a2d2c330c0bc3920fc9a817d8ac0') in 0.011854 seconds
Number of updated asset objects reloaded before import = 0
Number of asset objects unloaded after import = 12
========================================================================
Received Import Request.
  Time since last request: 0.000020 seconds.
  path: Assets/Goodies!/Cozy Room Pack/Prefabs/Roof_Middle_Connection_One_Unit_Width.prefab
  artifactKey: Guid(e65b3e91600d66e4bba9ea8c0fc4f013) Importer(815301076,1909f56bfc062723c751e8b465ee728b)
Start importing Assets/Goodies!/Cozy Room Pack/Prefabs/Roof_Middle_Connection_One_Unit_Width.prefab using Guid(e65b3e91600d66e4bba9ea8c0fc4f013) Importer(815301076,1909f56bfc062723c751e8b465ee728b)  -> (artifact id: '5a0468b1ea1eea2acc529cd30c3dd5d6') in 0.011847 seconds
Number of updated asset objects reloaded before import = 0
Number of asset objects unloaded after import = 12
========================================================================
Received Import Request.
  Time since last request: 0.000035 seconds.
  path: Assets/Goodies!/Cozy Room Pack/Prefabs/Roof_Quarter_Repeating.prefab
  artifactKey: Guid(34d676311ed523a4aa208a61c76b4dd1) Importer(815301076,1909f56bfc062723c751e8b465ee728b)
Start importing Assets/Goodies!/Cozy Room Pack/Prefabs/Roof_Quarter_Repeating.prefab using Guid(34d676311ed523a4aa208a61c76b4dd1) Importer(815301076,1909f56bfc062723c751e8b465ee728b)  -> (artifact id: 'c344401dfb23791f7fb94551dadba1cb') in 0.011914 seconds
Number of updated asset objects reloaded before import = 0
Number of asset objects unloaded after import = 12
========================================================================
Received Import Request.
  Time since last request: 0.000022 seconds.
  path: Assets/Goodies!/Cozy Room Pack/Prefabs/Roof_Repeating_Flipped.prefab
  artifactKey: Guid(7c16e06ec2a3c3d4c8f5813cb37bae00) Importer(815301076,1909f56bfc062723c751e8b465ee728b)
Start importing Assets/Goodies!/Cozy Room Pack/Prefabs/Roof_Repeating_Flipped.prefab using Guid(7c16e06ec2a3c3d4c8f5813cb37bae00) Importer(815301076,1909f56bfc062723c751e8b465ee728b)  -> (artifact id: 'd11a38b123bf62495eb2487c1998e27c') in 0.011551 seconds
Number of updated asset objects reloaded before import = 0
Number of asset objects unloaded after import = 12
========================================================================
Received Import Request.
  Time since last request: 0.259048 seconds.
  path: Assets/Goodies!/Cozy Room Pack/Prefabs/SnakePlant1.prefab
  artifactKey: Guid(9f5c9bd669e657548a2cfd9e744540d1) Importer(815301076,1909f56bfc062723c751e8b465ee728b)
Start importing Assets/Goodies!/Cozy Room Pack/Prefabs/SnakePlant1.prefab using Guid(9f5c9bd669e657548a2cfd9e744540d1) Importer(815301076,1909f56bfc062723c751e8b465ee728b)  -> (artifact id: '5a5fd4e1ba4ae0662eebed0e7e9c0406') in 0.014497 seconds
Number of updated asset objects reloaded before import = 0
Number of asset objects unloaded after import = 14
========================================================================
Received Import Request.
  Time since last request: 0.000028 seconds.
  path: Assets/Goodies!/Cozy Room Pack/Prefabs/Speaker.prefab
  artifactKey: Guid(9895506b9f8ed244499069c5bed7a7a8) Importer(815301076,1909f56bfc062723c751e8b465ee728b)
Start importing Assets/Goodies!/Cozy Room Pack/Prefabs/Speaker.prefab using Guid(9895506b9f8ed244499069c5bed7a7a8) Importer(815301076,1909f56bfc062723c751e8b465ee728b)  -> (artifact id: 'abaaf469c8f184fe058d1675bbf0edf3') in 0.011301 seconds
Number of updated asset objects reloaded before import = 0
Number of asset objects unloaded after import = 12
========================================================================
Received Import Request.
  Time since last request: 0.000025 seconds.
  path: Assets/Goodies!/Cozy Room Pack/Prefabs/Thermos.prefab
  artifactKey: Guid(db62133f82e99d045b221ef106e21715) Importer(815301076,1909f56bfc062723c751e8b465ee728b)
Start importing Assets/Goodies!/Cozy Room Pack/Prefabs/Thermos.prefab using Guid(db62133f82e99d045b221ef106e21715) Importer(815301076,1909f56bfc062723c751e8b465ee728b)  -> (artifact id: 'fcf38ddb0273dfdadb9c50800488c13c') in 0.011655 seconds
Number of updated asset objects reloaded before import = 0
Number of asset objects unloaded after import = 12
========================================================================
Received Import Request.
  Time since last request: 0.000068 seconds.
  path: Assets/Goodies!/Cozy Room Pack/Prefabs/TV.prefab
  artifactKey: Guid(fc6a12cc0caff5c4fadb95e8e559c6bf) Importer(815301076,1909f56bfc062723c751e8b465ee728b)
Start importing Assets/Goodies!/Cozy Room Pack/Prefabs/TV.prefab using Guid(fc6a12cc0caff5c4fadb95e8e559c6bf) Importer(815301076,1909f56bfc062723c751e8b465ee728b)  -> (artifact id: '11d9c06584cb59560e3c4b8b34775f49') in 0.012549 seconds
Number of updated asset objects reloaded before import = 0
Number of asset objects unloaded after import = 12
========================================================================
Received Import Request.
  Time since last request: 0.000023 seconds.
  path: Assets/Goodies!/Cozy Room Pack/Prefabs/Switch.prefab
  artifactKey: Guid(03225a3d40a26c642a587a053606badc) Importer(815301076,1909f56bfc062723c751e8b465ee728b)
Start importing Assets/Goodies!/Cozy Room Pack/Prefabs/Switch.prefab using Guid(03225a3d40a26c642a587a053606badc) Importer(815301076,1909f56bfc062723c751e8b465ee728b)  -> (artifact id: '34bb10befc78895b99458f49f7409657') in 0.010598 seconds
Number of updated asset objects reloaded before import = 0
Number of asset objects unloaded after import = 12
========================================================================
Received Import Request.
  Time since last request: 0.000025 seconds.
  path: Assets/Goodies!/Cozy Room Pack/Prefabs/Tissues.prefab
  artifactKey: Guid(3dcc74b14fb2fa04a99f8d6eed63049e) Importer(815301076,1909f56bfc062723c751e8b465ee728b)
Start importing Assets/Goodies!/Cozy Room Pack/Prefabs/Tissues.prefab using Guid(3dcc74b14fb2fa04a99f8d6eed63049e) Importer(815301076,1909f56bfc062723c751e8b465ee728b)  -> (artifact id: '5bb47e9b88c838c8cfe9fc53465476c3') in 0.010677 seconds
Number of updated asset objects reloaded before import = 0
Number of asset objects unloaded after import = 12
========================================================================
Received Import Request.
  Time since last request: 0.277613 seconds.
  path: Assets/Goodies!/Cozy Room Pack/Prefabs/TV1.prefab
  artifactKey: Guid(aeb000bfe1081a3499e3e966a1205ccd) Importer(815301076,1909f56bfc062723c751e8b465ee728b)
Start importing Assets/Goodies!/Cozy Room Pack/Prefabs/TV1.prefab using Guid(aeb000bfe1081a3499e3e966a1205ccd) Importer(815301076,1909f56bfc062723c751e8b465ee728b)  -> (artifact id: '2d9b60e3e9569cce41994b4e9d9ba1ea') in 0.013425 seconds
Number of updated asset objects reloaded before import = 0
Number of asset objects unloaded after import = 12
========================================================================
Received Import Request.
  Time since last request: 0.000021 seconds.
  path: Assets/Goodies!/Cozy Room Pack/Prefabs/TV3.prefab
  artifactKey: Guid(7b112649e14c1314984fd00f16db0bc3) Importer(815301076,1909f56bfc062723c751e8b465ee728b)
Start importing Assets/Goodies!/Cozy Room Pack/Prefabs/TV3.prefab using Guid(7b112649e14c1314984fd00f16db0bc3) Importer(815301076,1909f56bfc062723c751e8b465ee728b)  -> (artifact id: '132e70dde5b23bf5b14c22803075b08b') in 0.012032 seconds
Number of updated asset objects reloaded before import = 0
Number of asset objects unloaded after import = 12
========================================================================
Received Import Request.
  Time since last request: 0.000046 seconds.
  path: Assets/Goodies!/Cozy Room Pack/Prefabs/Wall With Door.prefab
  artifactKey: Guid(4fefcaf69e3dd3f448ff7ed475b1eccf) Importer(815301076,1909f56bfc062723c751e8b465ee728b)
Start importing Assets/Goodies!/Cozy Room Pack/Prefabs/Wall With Door.prefab using Guid(4fefcaf69e3dd3f448ff7ed475b1eccf) Importer(815301076,1909f56bfc062723c751e8b465ee728b)  -> (artifact id: 'b16b332492032cc515971924d6fe963a') in 0.019294 seconds
Number of updated asset objects reloaded before import = 0
Number of asset objects unloaded after import = 39
========================================================================
Received Import Request.
  Time since last request: 0.000019 seconds.
  path: Assets/Goodies!/Cozy Room Pack/Prefabs/Wall_Interior_Angled_3.prefab
  artifactKey: Guid(51e46c32879146944a31629a3c34acde) Importer(815301076,1909f56bfc062723c751e8b465ee728b)
Start importing Assets/Goodies!/Cozy Room Pack/Prefabs/Wall_Interior_Angled_3.prefab using Guid(51e46c32879146944a31629a3c34acde) Importer(815301076,1909f56bfc062723c751e8b465ee728b)  -> (artifact id: '7c7a1340ed48d9c57621a4e23cbcbf53') in 0.017183 seconds
Number of updated asset objects reloaded before import = 0
Number of asset objects unloaded after import = 14
========================================================================
Received Import Request.
  Time since last request: 0.000038 seconds.
  path: Assets/Goodies!/Cozy Room Pack/Prefabs/Wall_Interior_Angled_4.prefab
  artifactKey: Guid(b7480a6f775928544933363091ff4a59) Importer(815301076,1909f56bfc062723c751e8b465ee728b)
Start importing Assets/Goodies!/Cozy Room Pack/Prefabs/Wall_Interior_Angled_4.prefab using Guid(b7480a6f775928544933363091ff4a59) Importer(815301076,1909f56bfc062723c751e8b465ee728b)  -> (artifact id: '1c0a2355c43a523c73f2a2f55a0e47eb') in 0.014046 seconds
Number of updated asset objects reloaded before import = 0
Number of asset objects unloaded after import = 14
========================================================================
Received Import Request.
  Time since last request: 0.000021 seconds.
  path: Assets/Goodies!/Cozy Room Pack/Prefabs/Wall_Interior_Box_Trim.prefab
  artifactKey: Guid(473816d92e6b6444f8ba28440c9aaf66) Importer(815301076,1909f56bfc062723c751e8b465ee728b)
Start importing Assets/Goodies!/Cozy Room Pack/Prefabs/Wall_Interior_Box_Trim.prefab using Guid(473816d92e6b6444f8ba28440c9aaf66) Importer(815301076,1909f56bfc062723c751e8b465ee728b)  -> (artifact id: 'caeea8e6c688a2266812f53657287d31') in 0.015251 seconds
Number of updated asset objects reloaded before import = 0
Number of asset objects unloaded after import = 14
========================================================================
Received Import Request.
  Time since last request: 0.000025 seconds.
  path: Assets/Goodies!/Cozy Room Pack/Prefabs/Wall_Interior_Angled_5.prefab
  artifactKey: Guid(6556ed8921bd1294888a5ec1d8c4f230) Importer(815301076,1909f56bfc062723c751e8b465ee728b)
Start importing Assets/Goodies!/Cozy Room Pack/Prefabs/Wall_Interior_Angled_5.prefab using Guid(6556ed8921bd1294888a5ec1d8c4f230) Importer(815301076,1909f56bfc062723c751e8b465ee728b)  -> (artifact id: 'e81f08c3b0c8f54cab93108444bc88cd') in 0.014049 seconds
Number of updated asset objects reloaded before import = 0
Number of asset objects unloaded after import = 14
========================================================================
Received Import Request.
  Time since last request: 0.000038 seconds.
  path: Assets/Goodies!/Cozy Room Pack/Prefabs/Wall_Interior_Angled_1.prefab
  artifactKey: Guid(c6baa80ee11b36f4189d1b0f085f0fe7) Importer(815301076,1909f56bfc062723c751e8b465ee728b)
Start importing Assets/Goodies!/Cozy Room Pack/Prefabs/Wall_Interior_Angled_1.prefab using Guid(c6baa80ee11b36f4189d1b0f085f0fe7) Importer(815301076,1909f56bfc062723c751e8b465ee728b)  -> (artifact id: '1d242683cec9d828c92689c7bf87c1ce') in 0.016707 seconds
Number of updated asset objects reloaded before import = 0
Number of asset objects unloaded after import = 14
========================================================================
Received Import Request.
  Time since last request: 0.221302 seconds.
  path: Assets/Goodies!/Cozy Room Pack/Prefabs/Wall_Interior_Extension.prefab
  artifactKey: Guid(82efa4d5422f3bd4d84d5bb16ec38936) Importer(815301076,1909f56bfc062723c751e8b465ee728b)
Start importing Assets/Goodies!/Cozy Room Pack/Prefabs/Wall_Interior_Extension.prefab using Guid(82efa4d5422f3bd4d84d5bb16ec38936) Importer(815301076,1909f56bfc062723c751e8b465ee728b)  -> (artifact id: 'f7d8d7352c6296ee69797e6873419b57') in 0.016682 seconds
Number of updated asset objects reloaded before import = 0
Number of asset objects unloaded after import = 13
========================================================================
Received Import Request.
  Time since last request: 0.000018 seconds.
  path: Assets/Goodies!/Cozy Room Pack/Prefabs/Water_Bottle_Reuseable.prefab
  artifactKey: Guid(dcbc34b73cfd06a42a1279997f4e5e1d) Importer(815301076,1909f56bfc062723c751e8b465ee728b)
Start importing Assets/Goodies!/Cozy Room Pack/Prefabs/Water_Bottle_Reuseable.prefab using Guid(dcbc34b73cfd06a42a1279997f4e5e1d) Importer(815301076,1909f56bfc062723c751e8b465ee728b)  -> (artifact id: '7f06195c8ee5f2670f97cbaad3cc4725') in 0.016734 seconds
Number of updated asset objects reloaded before import = 0
Number of asset objects unloaded after import = 15
========================================================================
Received Import Request.
  Time since last request: 0.000019 seconds.
  path: Assets/Goodies!/Cozy Room Pack/Prefabs/Window_Cover.prefab
  artifactKey: Guid(a774adb1fa82d8d41930950fe6395102) Importer(815301076,1909f56bfc062723c751e8b465ee728b)
Start importing Assets/Goodies!/Cozy Room Pack/Prefabs/Window_Cover.prefab using Guid(a774adb1fa82d8d41930950fe6395102) Importer(815301076,1909f56bfc062723c751e8b465ee728b)  -> (artifact id: '6b1710ee9651ea12e73a534bd0329306') in 0.012927 seconds
Number of updated asset objects reloaded before import = 0
Number of asset objects unloaded after import = 12
========================================================================
Received Import Request.
  Time since last request: 0.000030 seconds.
  path: Assets/Goodies!/Cozy Room Pack/Prefabs/Window_Cutout_Centered.prefab
  artifactKey: Guid(1389f3278e602674a92280a00bb79337) Importer(815301076,1909f56bfc062723c751e8b465ee728b)
Start importing Assets/Goodies!/Cozy Room Pack/Prefabs/Window_Cutout_Centered.prefab using Guid(1389f3278e602674a92280a00bb79337) Importer(815301076,1909f56bfc062723c751e8b465ee728b)  -> (artifact id: '7f617f9f02b74f15ba9d6ead3c0ee2a5') in 0.021494 seconds
Number of updated asset objects reloaded before import = 0
Number of asset objects unloaded after import = 60
Editor requested this worker to shutdown with reason: Scaling down because of idle timeout
TcpMessagingSession - receive error: operation aborted. errorcode: 995, details: 由于线程退出或应用程序请求，已中止 I/O 操作。
AssetImportWorker is now disconnected from the server
Process exiting
Exiting without the bug reporter. Application will terminate with return code 0